2025-04-11 21:20:13,125 [INFO] - HTTP Request: GET https://rnjccfpgdpzkoptzvcgr.supabase.co/rest/v1/closet?select=closet_id&user_id=eq.b5d6de82-e003-4748-b1d4-b826d658761b "HTTP/2 200 OK"
2025-04-11 21:20:13,301 [INFO] - HTTP Request: GET https://rnjccfpgdpzkoptzvcgr.supabase.co/rest/v1/clothingitem?select=item_id%2Ccategory%2Cgender%2Cseason%2Cstyle%2Ccolor&closet_id=in.%286%2C10%29 "HTTP/2 400 Bad Request"
2025-04-11 21:21:37,048 [INFO] - HTTP Request: GET https://rnjccfpgdpzkoptzvcgr.supabase.co/rest/v1/closet?select=closet_id&user_id=eq.b5d6de82-e003-4748-b1d4-b826d658761b "HTTP/2 200 OK"
2025-04-11 21:21:37,238 [INFO] - HTTP Request: GET https://rnjccfpgdpzkoptzvcgr.supabase.co/rest/v1/clothingitem?select=item_id%2Ccategory%2Cseason%2Cstyle%2Ccolor&closet_id=in.%286%2C10%29 "HTTP/2 200 OK"
2025-04-11 21:33:29,048 [INFO] - HTTP Request: GET https://rnjccfpgdpzkoptzvcgr.supabase.co/rest/v1/closet?select=closet_id&user_id=eq.b5d6de82-e003-4748-b1d4-b826d658761b "HTTP/2 200 OK"
2025-04-11 21:33:29,224 [INFO] - HTTP Request: GET https://rnjccfpgdpzkoptzvcgr.supabase.co/rest/v1/clothingitem?select=item_id%2Ccategory%2Cseason%2Cstyle%2Ccolor&closet_id=in.%286%2C10%29 "HTTP/2 200 OK"
2025-04-11 21:35:24,368 [INFO] - HTTP Request: GET https://rnjccfpgdpzkoptzvcgr.supabase.co/rest/v1/closet?select=closet_id&user_id=eq.b5d6de82-e003-4748-b1d4-b826d658761b "HTTP/2 200 OK"
2025-04-11 21:35:24,543 [INFO] - HTTP Request: GET https://rnjccfpgdpzkoptzvcgr.supabase.co/rest/v1/clothingitem?select=item_id%2Ccategory%2Cseason%2Cstyle%2Ccolor&closet_id=in.%286%2C10%29 "HTTP/2 200 OK"
2025-04-11 21:35:24,730 [INFO] - HTTP Request: POST https://rnjccfpgdpzkoptzvcgr.supabase.co/rest/v1/outfitrecommendation "HTTP/2 400 Bad Request"
2025-04-11 21:37:22,813 [INFO] - HTTP Request: GET https://rnjccfpgdpzkoptzvcgr.supabase.co/rest/v1/closet?select=closet_id&user_id=eq.b5d6de82-e003-4748-b1d4-b826d658761b "HTTP/2 200 OK"
2025-04-11 21:37:23,002 [INFO] - HTTP Request: GET https://rnjccfpgdpzkoptzvcgr.supabase.co/rest/v1/clothingitem?select=item_id%2Ccategory%2Cseason%2Cstyle%2Ccolor&closet_id=in.%286%2C10%29 "HTTP/2 200 OK"
2025-04-11 21:37:23,207 [INFO] - HTTP Request: POST https://rnjccfpgdpzkoptzvcgr.supabase.co/rest/v1/outfitrecommendation "HTTP/2 201 Created"
2025-04-11 21:38:49,434 [INFO] - HTTP Request: GET https://rnjccfpgdpzkoptzvcgr.supabase.co/rest/v1/closet?select=closet_id&user_id=eq.b5d6de82-e003-4748-b1d4-b826d658761b "HTTP/2 200 OK"
2025-04-11 21:38:49,621 [INFO] - HTTP Request: GET https://rnjccfpgdpzkoptzvcgr.supabase.co/rest/v1/clothingitem?select=item_id%2Ccategory%2Cseason%2Cstyle%2Ccolor&closet_id=in.%286%2C10%29 "HTTP/2 200 OK"
2025-04-11 21:38:49,842 [INFO] - HTTP Request: POST https://rnjccfpgdpzkoptzvcgr.supabase.co/rest/v1/outfitrecommendation "HTTP/2 201 Created"
2025-04-11 21:40:38,029 [INFO] - HTTP Request: GET https://rnjccfpgdpzkoptzvcgr.supabase.co/rest/v1/closet?select=closet_id&user_id=eq.b5d6de82-e003-4748-b1d4-b826d658761b "HTTP/2 200 OK"
2025-04-11 21:40:38,236 [INFO] - HTTP Request: GET https://rnjccfpgdpzkoptzvcgr.supabase.co/rest/v1/clothingitem?select=item_id%2Ccategory%2Cseason%2Cstyle%2Ccolor&closet_id=in.%286%2C10%29 "HTTP/2 200 OK"
2025-04-11 21:40:38,410 [INFO] - HTTP Request: POST https://rnjccfpgdpzkoptzvcgr.supabase.co/rest/v1/outfitrecommendation "HTTP/2 201 Created"
2025-04-11 21:42:53,463 [INFO] - HTTP Request: GET https://rnjccfpgdpzkoptzvcgr.supabase.co/rest/v1/closet?select=closet_id&user_id=eq.b5d6de82-e003-4748-b1d4-b826d658761b "HTTP/2 200 OK"
2025-04-11 21:42:53,593 [INFO] - HTTP Request: GET https://rnjccfpgdpzkoptzvcgr.supabase.co/rest/v1/clothingitem?select=item_id%2Ccategory%2Cseason%2Cstyle%2Ccolor&closet_id=in.%286%2C10%29 "HTTP/2 200 OK"
2025-04-11 21:42:53,770 [INFO] - HTTP Request: POST https://rnjccfpgdpzkoptzvcgr.supabase.co/rest/v1/outfitrecommendation "HTTP/2 201 Created"
2025-04-11 21:44:19,186 [INFO] - HTTP Request: GET https://rnjccfpgdpzkoptzvcgr.supabase.co/rest/v1/closet?select=closet_id&user_id=eq.b5d6de82-e003-4748-b1d4-b826d658761b "HTTP/2 200 OK"
2025-04-11 21:44:19,328 [INFO] - HTTP Request: GET https://rnjccfpgdpzkoptzvcgr.supabase.co/rest/v1/clothingitem?select=item_id%2Ccategory%2Cseason%2Cstyle%2Ccolor&closet_id=in.%286%2C10%29 "HTTP/2 200 OK"
2025-04-11 21:44:19,551 [INFO] - HTTP Request: POST https://rnjccfpgdpzkoptzvcgr.supabase.co/rest/v1/outfitrecommendation "HTTP/2 201 Created"
2025-04-11 21:44:19,788 [INFO] - HTTP Request: POST https://rnjccfpgdpzkoptzvcgr.supabase.co/rest/v1/outfitrecommendation_item?columns=%22recommendation_id%22%2C%22item_id%22 "HTTP/2 404 Not Found"
2025-04-11 21:45:50,140 [INFO] - HTTP Request: GET https://rnjccfpgdpzkoptzvcgr.supabase.co/rest/v1/closet?select=closet_id&user_id=eq.b5d6de82-e003-4748-b1d4-b826d658761b "HTTP/2 200 OK"
2025-04-11 21:45:50,345 [INFO] - HTTP Request: GET https://rnjccfpgdpzkoptzvcgr.supabase.co/rest/v1/clothingitem?select=item_id%2Ccategory%2Cseason%2Cstyle%2Ccolor&closet_id=in.%286%2C10%29 "HTTP/2 200 OK"
2025-04-11 21:45:50,599 [INFO] - HTTP Request: POST https://rnjccfpgdpzkoptzvcgr.supabase.co/rest/v1/outfitrecommendation "HTTP/2 201 Created"
2025-04-11 21:45:50,965 [INFO] - HTTP Request: POST https://rnjccfpgdpzkoptzvcgr.supabase.co/rest/v1/outfitrecommendation_item?columns=%22recommendation_id%22%2C%22item_id%22 "HTTP/2 404 Not Found"
2025-04-11 21:46:48,814 [INFO] - HTTP Request: GET https://rnjccfpgdpzkoptzvcgr.supabase.co/rest/v1/closet?select=closet_id&user_id=eq.b5d6de82-e003-4748-b1d4-b826d658761b "HTTP/2 200 OK"
2025-04-11 21:46:49,058 [INFO] - HTTP Request: GET https://rnjccfpgdpzkoptzvcgr.supabase.co/rest/v1/clothingitem?select=item_id%2Ccategory%2Cseason%2Cstyle%2Ccolor&closet_id=in.%286%2C10%29 "HTTP/2 200 OK"
2025-04-11 21:46:49,263 [INFO] - HTTP Request: POST https://rnjccfpgdpzkoptzvcgr.supabase.co/rest/v1/outfitrecommendation "HTTP/2 201 Created"
2025-04-11 21:46:49,469 [INFO] - HTTP Request: POST https://rnjccfpgdpzkoptzvcgr.supabase.co/rest/v1/outfitrecommendation_item?columns=%22recommendation_id%22%2C%22item_id%22 "HTTP/2 404 Not Found"
2025-04-11 21:46:56,291 [INFO] - HTTP Request: GET https://rnjccfpgdpzkoptzvcgr.supabase.co/rest/v1/closet?select=closet_id&user_id=eq.b5d6de82-e003-4748-b1d4-b826d658761b "HTTP/2 200 OK"
2025-04-11 21:46:56,420 [INFO] - HTTP Request: GET https://rnjccfpgdpzkoptzvcgr.supabase.co/rest/v1/clothingitem?select=item_id%2Ccategory%2Cseason%2Cstyle%2Ccolor&closet_id=in.%286%2C10%29 "HTTP/2 200 OK"
2025-04-11 21:46:56,546 [INFO] - HTTP Request: POST https://rnjccfpgdpzkoptzvcgr.supabase.co/rest/v1/outfitrecommendation "HTTP/2 201 Created"
2025-04-11 21:46:56,657 [INFO] - HTTP Request: POST https://rnjccfpgdpzkoptzvcgr.supabase.co/rest/v1/outfitrecommendation_item?columns=%22item_id%22%2C%22recommendation_id%22 "HTTP/2 404 Not Found"
2025-04-11 21:50:38,226 [INFO] - HTTP Request: GET https://rnjccfpgdpzkoptzvcgr.supabase.co/rest/v1/closet?select=closet_id&user_id=eq.b5d6de82-e003-4748-b1d4-b826d658761b "HTTP/2 200 OK"
2025-04-11 21:50:38,360 [INFO] - HTTP Request: GET https://rnjccfpgdpzkoptzvcgr.supabase.co/rest/v1/clothingitem?select=item_id%2Ccategory%2Cseason%2Cstyle%2Ccolor&closet_id=in.%286%2C10%29 "HTTP/2 200 OK"
2025-04-11 21:50:38,528 [INFO] - HTTP Request: POST https://rnjccfpgdpzkoptzvcgr.supabase.co/rest/v1/outfitrecommendation "HTTP/2 201 Created"
2025-04-11 21:50:38,639 [INFO] - HTTP Request: POST https://rnjccfpgdpzkoptzvcgr.supabase.co/rest/v1/outfitrecommendation_item?columns=%22item_id%22%2C%22recommendation_id%22 "HTTP/2 404 Not Found"
2025-04-11 21:53:22,200 [INFO] - HTTP Request: GET https://rnjccfpgdpzkoptzvcgr.supabase.co/rest/v1/closet?select=closet_id&user_id=eq.b5d6de82-e003-4748-b1d4-b826d658761b "HTTP/2 200 OK"
2025-04-11 21:53:22,328 [INFO] - HTTP Request: GET https://rnjccfpgdpzkoptzvcgr.supabase.co/rest/v1/clothingitem?select=item_id%2Ccategory%2Cseason%2Cstyle%2Ccolor&closet_id=in.%286%2C10%29 "HTTP/2 200 OK"
2025-04-11 21:53:22,463 [INFO] - HTTP Request: POST https://rnjccfpgdpzkoptzvcgr.supabase.co/rest/v1/outfitrecommendation "HTTP/2 201 Created"
2025-04-11 21:53:22,636 [INFO] - HTTP Request: POST https://rnjccfpgdpzkoptzvcgr.supabase.co/rest/v1/outfitrecommendation_items?columns=%22item_id%22%2C%22recommendation_id%22 "HTTP/2 409 Conflict"
2025-04-11 21:53:47,096 [INFO] - HTTP Request: GET https://rnjccfpgdpzkoptzvcgr.supabase.co/rest/v1/closet?select=closet_id&user_id=eq.b5d6de82-e003-4748-b1d4-b826d658761b "HTTP/2 200 OK"
2025-04-11 21:53:47,318 [INFO] - HTTP Request: GET https://rnjccfpgdpzkoptzvcgr.supabase.co/rest/v1/clothingitem?select=item_id%2Ccategory%2Cseason%2Cstyle%2Ccolor&closet_id=in.%286%2C10%29 "HTTP/2 200 OK"
2025-04-11 21:53:47,477 [INFO] - HTTP Request: POST https://rnjccfpgdpzkoptzvcgr.supabase.co/rest/v1/outfitrecommendation "HTTP/2 201 Created"
2025-04-11 21:53:47,604 [INFO] - HTTP Request: POST https://rnjccfpgdpzkoptzvcgr.supabase.co/rest/v1/outfitrecommendation_items?columns=%22item_id%22%2C%22recommendation_id%22 "HTTP/2 409 Conflict"
2025-04-11 21:56:46,854 [INFO] - HTTP Request: GET https://rnjccfpgdpzkoptzvcgr.supabase.co/rest/v1/closet?select=closet_id&user_id=eq.b5d6de82-e003-4748-b1d4-b826d658761b "HTTP/2 200 OK"
2025-04-11 21:56:46,987 [INFO] - HTTP Request: GET https://rnjccfpgdpzkoptzvcgr.supabase.co/rest/v1/clothingitem?select=item_id%2Ccategory%2Cseason%2Cstyle%2Ccolor&closet_id=in.%286%2C10%29 "HTTP/2 200 OK"
2025-04-11 21:56:47,170 [INFO] - HTTP Request: POST https://rnjccfpgdpzkoptzvcgr.supabase.co/rest/v1/outfitrecommendation "HTTP/2 201 Created"
2025-04-11 21:56:47,376 [INFO] - HTTP Request: POST https://rnjccfpgdpzkoptzvcgr.supabase.co/rest/v1/outfitrecommendation_items?columns=%22item_id%22%2C%22recommendation_id%22 "HTTP/2 409 Conflict"
2025-04-11 21:59:02,589 [INFO] - HTTP Request: GET https://rnjccfpgdpzkoptzvcgr.supabase.co/rest/v1/closet?select=closet_id&user_id=eq.b5d6de82-e003-4748-b1d4-b826d658761b "HTTP/2 200 OK"
2025-04-11 21:59:02,719 [INFO] - HTTP Request: GET https://rnjccfpgdpzkoptzvcgr.supabase.co/rest/v1/clothingitem?select=item_id%2Ccategory%2Cseason%2Cstyle%2Ccolor&closet_id=in.%286%2C10%29 "HTTP/2 200 OK"
2025-04-11 21:59:02,855 [INFO] - HTTP Request: POST https://rnjccfpgdpzkoptzvcgr.supabase.co/rest/v1/outfitrecommendation "HTTP/2 201 Created"
2025-04-11 21:59:02,985 [INFO] - HTTP Request: POST https://rnjccfpgdpzkoptzvcgr.supabase.co/rest/v1/outfitrecommendation_items?columns=%22item_id%22%2C%22recommendation_id%22 "HTTP/2 409 Conflict"
2025-04-11 21:59:09,625 [INFO] - HTTP Request: GET https://rnjccfpgdpzkoptzvcgr.supabase.co/rest/v1/closet?select=closet_id&user_id=eq.b5d6de82-e003-4748-b1d4-b826d658761b "HTTP/2 200 OK"
2025-04-11 21:59:09,802 [INFO] - HTTP Request: GET https://rnjccfpgdpzkoptzvcgr.supabase.co/rest/v1/clothingitem?select=item_id%2Ccategory%2Cseason%2Cstyle%2Ccolor&closet_id=in.%286%2C10%29 "HTTP/2 200 OK"
2025-04-11 21:59:10,005 [INFO] - HTTP Request: POST https://rnjccfpgdpzkoptzvcgr.supabase.co/rest/v1/outfitrecommendation "HTTP/2 201 Created"
2025-04-11 21:59:47,783 [INFO] - HTTP Request: GET https://rnjccfpgdpzkoptzvcgr.supabase.co/rest/v1/closet?select=closet_id&user_id=eq.b5d6de82-e003-4748-b1d4-b826d658761b "HTTP/2 200 OK"
2025-04-11 21:59:47,980 [INFO] - HTTP Request: GET https://rnjccfpgdpzkoptzvcgr.supabase.co/rest/v1/clothingitem?select=item_id%2Ccategory%2Cseason%2Cstyle%2Ccolor&closet_id=in.%286%2C10%29 "HTTP/2 200 OK"
2025-04-11 21:59:48,109 [INFO] - HTTP Request: POST https://rnjccfpgdpzkoptzvcgr.supabase.co/rest/v1/outfitrecommendation "HTTP/2 201 Created"
2025-04-11 21:59:48,236 [INFO] - HTTP Request: POST https://rnjccfpgdpzkoptzvcgr.supabase.co/rest/v1/outfitrecommendation_items?columns=%22recommendation_id%22%2C%22item_id%22 "HTTP/2 409 Conflict"
2025-04-11 21:59:55,851 [INFO] - HTTP Request: GET https://rnjccfpgdpzkoptzvcgr.supabase.co/rest/v1/closet?select=closet_id&user_id=eq.b5d6de82-e003-4748-b1d4-b826d658761b "HTTP/2 200 OK"
2025-04-11 21:59:56,052 [INFO] - HTTP Request: GET https://rnjccfpgdpzkoptzvcgr.supabase.co/rest/v1/clothingitem?select=item_id%2Ccategory%2Cseason%2Cstyle%2Ccolor&closet_id=in.%286%2C10%29 "HTTP/2 200 OK"
2025-04-11 21:59:56,179 [INFO] - HTTP Request: POST https://rnjccfpgdpzkoptzvcgr.supabase.co/rest/v1/outfitrecommendation "HTTP/2 201 Created"
2025-04-11 21:59:56,355 [INFO] - HTTP Request: POST https://rnjccfpgdpzkoptzvcgr.supabase.co/rest/v1/outfitrecommendation_items?columns=%22recommendation_id%22%2C%22item_id%22 "HTTP/2 409 Conflict"
2025-04-11 22:08:32,097 [INFO] - HTTP Request: GET https://rnjccfpgdpzkoptzvcgr.supabase.co/rest/v1/closet?select=closet_id&user_id=eq.b5d6de82-e003-4748-b1d4-b826d658761b "HTTP/2 200 OK"
2025-04-11 22:08:32,221 [INFO] - HTTP Request: GET https://rnjccfpgdpzkoptzvcgr.supabase.co/rest/v1/clothingitem?select=item_id%2Ccategory%2Cseason%2Cstyle%2Ccolor&closet_id=in.%286%2C10%29 "HTTP/2 200 OK"
2025-04-11 22:08:32,344 [INFO] - HTTP Request: POST https://rnjccfpgdpzkoptzvcgr.supabase.co/rest/v1/outfitrecommendation "HTTP/2 201 Created"
2025-04-11 22:08:32,478 [INFO] - HTTP Request: POST https://rnjccfpgdpzkoptzvcgr.supabase.co/rest/v1/outfitrecommendation_items?columns=%22recommendation_id%22%2C%22item_id%22 "HTTP/2 409 Conflict"
2025-04-11 22:11:03,469 [INFO] - HTTP Request: GET https://rnjccfpgdpzkoptzvcgr.supabase.co/rest/v1/closet?select=closet_id&user_id=eq.b5d6de82-e003-4748-b1d4-b826d658761b "HTTP/2 200 OK"
2025-04-11 22:11:03,851 [INFO] - HTTP Request: GET https://rnjccfpgdpzkoptzvcgr.supabase.co/rest/v1/clothingitem?select=item_id%2Ccategory%2Cseason%2Cstyle%2Ccolor&closet_id=in.%286%2C10%29 "HTTP/2 200 OK"
2025-04-11 22:11:03,973 [INFO] - HTTP Request: POST https://rnjccfpgdpzkoptzvcgr.supabase.co/rest/v1/outfitrecommendation "HTTP/2 201 Created"
2025-04-11 22:11:04,096 [INFO] - HTTP Request: POST https://rnjccfpgdpzkoptzvcgr.supabase.co/rest/v1/outfitrecommendation_items?columns=%22item_id%22%2C%22recommendation_id%22 "HTTP/2 409 Conflict"
2025-04-11 22:12:30,702 [INFO] - HTTP Request: GET https://rnjccfpgdpzkoptzvcgr.supabase.co/rest/v1/closet?select=closet_id&user_id=eq.b5d6de82-e003-4748-b1d4-b826d658761b "HTTP/2 200 OK"
2025-04-11 22:12:30,897 [INFO] - HTTP Request: GET https://rnjccfpgdpzkoptzvcgr.supabase.co/rest/v1/clothingitem?select=item_id%2Ccategory%2Cseason%2Cstyle%2Ccolor&closet_id=in.%286%2C10%29 "HTTP/2 200 OK"
2025-04-11 22:12:31,026 [INFO] - HTTP Request: POST https://rnjccfpgdpzkoptzvcgr.supabase.co/rest/v1/outfitrecommendation "HTTP/2 201 Created"
2025-04-11 22:12:31,147 [INFO] - HTTP Request: POST https://rnjccfpgdpzkoptzvcgr.supabase.co/rest/v1/outfitrecommendation_items?columns=%22item_id%22%2C%22recommendation_id%22 "HTTP/2 201 Created"
2025-04-11 22:13:06,501 [INFO] - HTTP Request: GET https://rnjccfpgdpzkoptzvcgr.supabase.co/rest/v1/closet?select=closet_id&user_id=eq.b5d6de82-e003-4748-b1d4-b826d658761b "HTTP/2 200 OK"
2025-04-11 22:13:06,803 [INFO] - HTTP Request: GET https://rnjccfpgdpzkoptzvcgr.supabase.co/rest/v1/clothingitem?select=item_id%2Ccategory%2Cseason%2Cstyle%2Ccolor&closet_id=in.%286%2C10%29 "HTTP/2 200 OK"
2025-04-11 22:13:07,090 [INFO] - HTTP Request: POST https://rnjccfpgdpzkoptzvcgr.supabase.co/rest/v1/outfitrecommendation "HTTP/2 201 Created"
2025-04-11 22:13:07,357 [INFO] - HTTP Request: POST https://rnjccfpgdpzkoptzvcgr.supabase.co/rest/v1/outfitrecommendation_items?columns=%22item_id%22%2C%22recommendation_id%22 "HTTP/2 201 Created"
2025-04-11 22:15:50,885 [INFO] - HTTP Request: GET https://rnjccfpgdpzkoptzvcgr.supabase.co/rest/v1/closet?select=closet_id&user_id=eq.b5d6de82-e003-4748-b1d4-b826d658761b "HTTP/2 200 OK"
2025-04-11 22:15:51,106 [INFO] - HTTP Request: GET https://rnjccfpgdpzkoptzvcgr.supabase.co/rest/v1/clothingitem?select=item_id%2Ccategory%2Cseason%2Cstyle%2Ccolor&closet_id=in.%286%2C10%29 "HTTP/2 200 OK"
2025-04-11 22:15:51,231 [INFO] - HTTP Request: POST https://rnjccfpgdpzkoptzvcgr.supabase.co/rest/v1/outfitrecommendation "HTTP/2 201 Created"
2025-04-11 22:17:28,616 [INFO] - HTTP Request: GET https://rnjccfpgdpzkoptzvcgr.supabase.co/rest/v1/closet?select=closet_id&user_id=eq.b5d6de82-e003-4748-b1d4-b826d658761b "HTTP/2 200 OK"
2025-04-11 22:17:28,728 [INFO] - HTTP Request: GET https://rnjccfpgdpzkoptzvcgr.supabase.co/rest/v1/clothingitem?select=item_id%2Ccategory%2Cseason%2Cstyle%2Ccolor&closet_id=in.%286%2C10%29 "HTTP/2 200 OK"
2025-04-11 22:17:28,887 [INFO] - HTTP Request: POST https://rnjccfpgdpzkoptzvcgr.supabase.co/rest/v1/outfitrecommendation "HTTP/2 201 Created"
2025-04-11 22:17:28,998 [INFO] - HTTP Request: POST https://rnjccfpgdpzkoptzvcgr.supabase.co/rest/v1/outfitrecommendation_items?columns=%22recommendation_id%22%2C%22item_id%22 "HTTP/2 201 Created"
2025-04-11 22:18:33,167 [INFO] - HTTP Request: GET https://rnjccfpgdpzkoptzvcgr.supabase.co/rest/v1/closet?select=closet_id&user_id=eq.b5d6de82-e003-4748-b1d4-b826d658761b "HTTP/2 200 OK"
2025-04-11 22:18:33,297 [INFO] - HTTP Request: GET https://rnjccfpgdpzkoptzvcgr.supabase.co/rest/v1/clothingitem?select=item_id%2Ccategory%2Cseason%2Cstyle%2Ccolor&closet_id=in.%286%2C10%29 "HTTP/2 200 OK"
2025-04-11 22:18:33,418 [INFO] - HTTP Request: POST https://rnjccfpgdpzkoptzvcgr.supabase.co/rest/v1/outfitrecommendation "HTTP/2 201 Created"
2025-04-11 22:18:33,537 [INFO] - HTTP Request: POST https://rnjccfpgdpzkoptzvcgr.supabase.co/rest/v1/outfitrecommendation_items?columns=%22recommendation_id%22%2C%22item_id%22 "HTTP/2 201 Created"
2025-04-11 22:18:43,039 [INFO] - HTTP Request: GET https://rnjccfpgdpzkoptzvcgr.supabase.co/rest/v1/closet?select=closet_id&user_id=eq.b5d6de82-e003-4748-b1d4-b826d658761b "HTTP/2 200 OK"
2025-04-11 22:18:43,348 [INFO] - HTTP Request: GET https://rnjccfpgdpzkoptzvcgr.supabase.co/rest/v1/clothingitem?select=item_id%2Ccategory%2Cseason%2Cstyle%2Ccolor&closet_id=in.%286%2C10%29 "HTTP/2 200 OK"
2025-04-11 22:18:43,653 [INFO] - HTTP Request: POST https://rnjccfpgdpzkoptzvcgr.supabase.co/rest/v1/outfitrecommendation "HTTP/2 201 Created"
2025-04-11 22:18:43,903 [INFO] - HTTP Request: POST https://rnjccfpgdpzkoptzvcgr.supabase.co/rest/v1/outfitrecommendation_items?columns=%22item_id%22%2C%22recommendation_id%22 "HTTP/2 201 Created"
2025-04-11 22:19:02,766 [INFO] - HTTP Request: GET https://rnjccfpgdpzkoptzvcgr.supabase.co/rest/v1/closet?select=closet_id&user_id=eq.b5d6de82-e003-4748-b1d4-b826d658761b "HTTP/2 200 OK"
2025-04-11 22:19:02,927 [INFO] - HTTP Request: GET https://rnjccfpgdpzkoptzvcgr.supabase.co/rest/v1/clothingitem?select=item_id%2Ccategory%2Cseason%2Cstyle%2Ccolor&closet_id=in.%286%2C10%29 "HTTP/2 200 OK"
2025-04-11 22:19:03,083 [INFO] - HTTP Request: POST https://rnjccfpgdpzkoptzvcgr.supabase.co/rest/v1/outfitrecommendation "HTTP/2 201 Created"
2025-04-11 22:19:03,308 [INFO] - HTTP Request: POST https://rnjccfpgdpzkoptzvcgr.supabase.co/rest/v1/outfitrecommendation_items?columns=%22item_id%22%2C%22recommendation_id%22 "HTTP/2 201 Created"
2025-04-11 22:19:55,509 [INFO] - HTTP Request: GET https://rnjccfpgdpzkoptzvcgr.supabase.co/rest/v1/closet?select=closet_id&user_id=eq.b5d6de82-e003-4748-b1d4-b826d658761b "HTTP/2 200 OK"
2025-04-11 22:19:55,733 [INFO] - HTTP Request: GET https://rnjccfpgdpzkoptzvcgr.supabase.co/rest/v1/clothingitem?select=item_id%2Ccategory%2Cseason%2Cstyle%2Ccolor&closet_id=in.%286%2C10%29 "HTTP/2 200 OK"
2025-04-11 22:19:55,925 [INFO] - HTTP Request: POST https://rnjccfpgdpzkoptzvcgr.supabase.co/rest/v1/outfitrecommendation "HTTP/2 201 Created"
2025-04-11 22:19:56,128 [INFO] - HTTP Request: POST https://rnjccfpgdpzkoptzvcgr.supabase.co/rest/v1/outfitrecommendation_items?columns=%22item_id%22%2C%22recommendation_id%22 "HTTP/2 201 Created"
2025-04-11 22:21:28,938 [INFO] - HTTP Request: GET https://rnjccfpgdpzkoptzvcgr.supabase.co/rest/v1/closet?select=closet_id&user_id=eq.b5d6de82-e003-4748-b1d4-b826d658761b "HTTP/2 200 OK"
2025-04-11 22:21:29,082 [INFO] - HTTP Request: GET https://rnjccfpgdpzkoptzvcgr.supabase.co/rest/v1/clothingitem?select=item_id%2Ccategory%2Cseason%2Cstyle%2Ccolor&closet_id=in.%286%2C10%29 "HTTP/2 200 OK"
2025-04-11 22:21:29,211 [INFO] - HTTP Request: POST https://rnjccfpgdpzkoptzvcgr.supabase.co/rest/v1/outfitrecommendation "HTTP/2 201 Created"
2025-04-11 22:21:29,364 [INFO] - HTTP Request: POST https://rnjccfpgdpzkoptzvcgr.supabase.co/rest/v1/outfitrecommendation_items?columns=%22item_id%22%2C%22recommendation_id%22 "HTTP/2 201 Created"
2025-04-11 22:21:34,443 [INFO] - HTTP Request: GET https://rnjccfpgdpzkoptzvcgr.supabase.co/rest/v1/closet?select=closet_id&user_id=eq.b5d6de82-e003-4748-b1d4-b826d658761b "HTTP/2 200 OK"
2025-04-11 22:21:34,553 [INFO] - HTTP Request: GET https://rnjccfpgdpzkoptzvcgr.supabase.co/rest/v1/clothingitem?select=item_id%2Ccategory%2Cseason%2Cstyle%2Ccolor&closet_id=in.%286%2C10%29 "HTTP/2 200 OK"
2025-04-11 22:21:34,696 [INFO] - HTTP Request: POST https://rnjccfpgdpzkoptzvcgr.supabase.co/rest/v1/outfitrecommendation "HTTP/2 201 Created"
2025-04-11 22:21:34,823 [INFO] - HTTP Request: POST https://rnjccfpgdpzkoptzvcgr.supabase.co/rest/v1/outfitrecommendation_items?columns=%22item_id%22%2C%22recommendation_id%22 "HTTP/2 201 Created"
2025-04-11 22:21:50,912 [INFO] - HTTP Request: GET https://rnjccfpgdpzkoptzvcgr.supabase.co/rest/v1/closet?select=closet_id&user_id=eq.b5d6de82-e003-4748-b1d4-b826d658761b "HTTP/2 200 OK"
2025-04-11 22:21:51,039 [INFO] - HTTP Request: GET https://rnjccfpgdpzkoptzvcgr.supabase.co/rest/v1/clothingitem?select=item_id%2Ccategory%2Cseason%2Cstyle%2Ccolor&closet_id=in.%286%2C10%29 "HTTP/2 200 OK"
2025-04-11 22:21:51,149 [INFO] - HTTP Request: POST https://rnjccfpgdpzkoptzvcgr.supabase.co/rest/v1/outfitrecommendation "HTTP/2 201 Created"
2025-04-11 22:21:51,293 [INFO] - HTTP Request: POST https://rnjccfpgdpzkoptzvcgr.supabase.co/rest/v1/outfitrecommendation_items?columns=%22item_id%22%2C%22recommendation_id%22 "HTTP/2 201 Created"
2025-04-11 22:22:28,524 [INFO] - HTTP Request: GET https://rnjccfpgdpzkoptzvcgr.supabase.co/rest/v1/closet?select=closet_id&user_id=eq.b5d6de82-e003-4748-b1d4-b826d658761b "HTTP/2 200 OK"
2025-04-11 22:22:28,732 [INFO] - HTTP Request: GET https://rnjccfpgdpzkoptzvcgr.supabase.co/rest/v1/clothingitem?select=item_id%2Ccategory%2Cseason%2Cstyle%2Ccolor&closet_id=in.%286%2C10%29 "HTTP/2 200 OK"
2025-04-11 22:22:28,915 [INFO] - HTTP Request: POST https://rnjccfpgdpzkoptzvcgr.supabase.co/rest/v1/outfitrecommendation "HTTP/2 201 Created"
2025-04-11 22:22:29,121 [INFO] - HTTP Request: POST https://rnjccfpgdpzkoptzvcgr.supabase.co/rest/v1/outfitrecommendation_items?columns=%22item_id%22%2C%22recommendation_id%22 "HTTP/2 201 Created"
2025-04-11 22:22:32,072 [INFO] - HTTP Request: GET https://rnjccfpgdpzkoptzvcgr.supabase.co/rest/v1/closet?select=closet_id&user_id=eq.b5d6de82-e003-4748-b1d4-b826d658761b "HTTP/2 200 OK"
2025-04-11 22:22:32,198 [INFO] - HTTP Request: GET https://rnjccfpgdpzkoptzvcgr.supabase.co/rest/v1/clothingitem?select=item_id%2Ccategory%2Cseason%2Cstyle%2Ccolor&closet_id=in.%286%2C10%29 "HTTP/2 200 OK"
2025-04-11 22:22:32,322 [INFO] - HTTP Request: POST https://rnjccfpgdpzkoptzvcgr.supabase.co/rest/v1/outfitrecommendation "HTTP/2 201 Created"
2025-04-11 22:22:32,494 [INFO] - HTTP Request: POST https://rnjccfpgdpzkoptzvcgr.supabase.co/rest/v1/outfitrecommendation_items?columns=%22item_id%22%2C%22recommendation_id%22 "HTTP/2 201 Created"
2025-04-11 22:22:48,038 [INFO] - HTTP Request: GET https://rnjccfpgdpzkoptzvcgr.supabase.co/rest/v1/closet?select=closet_id&user_id=eq.b5d6de82-e003-4748-b1d4-b826d658761b "HTTP/2 200 OK"
2025-04-11 22:22:48,150 [INFO] - HTTP Request: GET https://rnjccfpgdpzkoptzvcgr.supabase.co/rest/v1/clothingitem?select=item_id%2Ccategory%2Cseason%2Cstyle%2Ccolor&closet_id=in.%286%2C10%29 "HTTP/2 200 OK"
2025-04-11 22:22:48,276 [INFO] - HTTP Request: POST https://rnjccfpgdpzkoptzvcgr.supabase.co/rest/v1/outfitrecommendation "HTTP/2 201 Created"
2025-04-11 22:22:48,390 [INFO] - HTTP Request: POST https://rnjccfpgdpzkoptzvcgr.supabase.co/rest/v1/outfitrecommendation_items?columns=%22item_id%22%2C%22recommendation_id%22 "HTTP/2 201 Created"
2025-04-11 22:23:36,438 [INFO] - HTTP Request: GET https://rnjccfpgdpzkoptzvcgr.supabase.co/rest/v1/closet?select=closet_id&user_id=eq.b5d6de82-e003-4748-b1d4-b826d658761b "HTTP/2 200 OK"
2025-04-11 22:23:36,576 [INFO] - HTTP Request: GET https://rnjccfpgdpzkoptzvcgr.supabase.co/rest/v1/clothingitem?select=item_id%2Ccategory%2Cseason%2Cstyle%2Ccolor&closet_id=in.%286%2C10%29 "HTTP/2 200 OK"
2025-04-11 22:23:36,692 [INFO] - HTTP Request: POST https://rnjccfpgdpzkoptzvcgr.supabase.co/rest/v1/outfitrecommendation "HTTP/2 201 Created"
2025-04-11 22:23:36,819 [INFO] - HTTP Request: POST https://rnjccfpgdpzkoptzvcgr.supabase.co/rest/v1/outfitrecommendation_items?columns=%22item_id%22%2C%22recommendation_id%22 "HTTP/2 201 Created"
2025-04-11 22:28:32,047 [INFO] - HTTP Request: GET https://rnjccfpgdpzkoptzvcgr.supabase.co/rest/v1/closet?select=closet_id&user_id=eq.b5d6de82-e003-4748-b1d4-b826d658761b "HTTP/2 200 OK"
2025-04-11 22:28:32,183 [INFO] - HTTP Request: GET https://rnjccfpgdpzkoptzvcgr.supabase.co/rest/v1/clothingitem?select=item_id%2Ccategory%2Cseason%2Cstyle%2Ccolor&availability=eq.1&closet_id=in.%286%2C10%29 "HTTP/2 200 OK"
2025-04-11 22:34:38,213 [INFO] - HTTP Request: GET https://rnjccfpgdpzkoptzvcgr.supabase.co/rest/v1/closet?select=closet_id&user_id=eq.b5d6de82-e003-4748-b1d4-b826d658761b "HTTP/2 200 OK"
2025-04-11 22:34:38,418 [INFO] - HTTP Request: GET https://rnjccfpgdpzkoptzvcgr.supabase.co/rest/v1/clothingitem?select=item_id%2Ccategory%2Cseason%2Cstyle%2Ccolor&availability=eq.1&closet_id=in.%286%2C10%29 "HTTP/2 200 OK"
2025-04-11 22:34:38,639 [INFO] - HTTP Request: POST https://rnjccfpgdpzkoptzvcgr.supabase.co/rest/v1/outfitrecommendation "HTTP/2 201 Created"
2025-04-11 22:34:38,835 [INFO] - HTTP Request: POST https://rnjccfpgdpzkoptzvcgr.supabase.co/rest/v1/outfitrecommendation_items?columns=%22recommendation_id%22%2C%22item_id%22 "HTTP/2 201 Created"
2025-04-11 22:35:57,558 [INFO] - HTTP Request: GET https://rnjccfpgdpzkoptzvcgr.supabase.co/rest/v1/closet?select=closet_id&user_id=eq.b5d6de82-e003-4748-b1d4-b826d658761b "HTTP/2 200 OK"
2025-04-11 22:35:57,889 [INFO] - HTTP Request: GET https://rnjccfpgdpzkoptzvcgr.supabase.co/rest/v1/clothingitem?select=item_id%2Ccategory%2Cseason%2Cstyle%2Ccolor&availability=eq.1&closet_id=in.%286%2C10%29 "HTTP/2 200 OK"
2025-04-11 22:35:58,032 [INFO] - HTTP Request: POST https://rnjccfpgdpzkoptzvcgr.supabase.co/rest/v1/outfitrecommendation "HTTP/2 201 Created"
2025-04-11 22:35:58,730 [INFO] - HTTP Request: POST https://rnjccfpgdpzkoptzvcgr.supabase.co/rest/v1/outfitrecommendation_items?columns=%22recommendation_id%22%2C%22item_id%22 "HTTP/2 201 Created"
2025-04-11 22:37:29,789 [INFO] - HTTP Request: GET https://rnjccfpgdpzkoptzvcgr.supabase.co/rest/v1/closet?select=closet_id&user_id=eq.b5d6de82-e003-4748-b1d4-b826d658761b "HTTP/2 200 OK"
2025-04-11 22:37:29,948 [INFO] - HTTP Request: GET https://rnjccfpgdpzkoptzvcgr.supabase.co/rest/v1/clothingitem?select=item_id%2Ccategory%2Cseason%2Cstyle%2Ccolor&availability=eq.1&closet_id=in.%286%2C10%29 "HTTP/2 200 OK"
2025-04-11 22:37:30,126 [INFO] - HTTP Request: POST https://rnjccfpgdpzkoptzvcgr.supabase.co/rest/v1/outfitrecommendation "HTTP/2 201 Created"
2025-04-11 22:37:30,265 [INFO] - HTTP Request: POST https://rnjccfpgdpzkoptzvcgr.supabase.co/rest/v1/outfitrecommendation_items?columns=%22recommendation_id%22%2C%22item_id%22 "HTTP/2 201 Created"
